// Jest Snapshot v1, https://goo.gl/fbAQLP

exports[`.toSucceedAndMatchSnapshot logs details correctly for a failed result: toFailTestAndMatchSnapshot 1`] = `
"[2mexpect([22m[31mcallback[39m[2m).[22mtoSucceedAndMatchInlineSnapshot[2m([22m[32mexpected[39m[2m)[22m
Expected:
  Callback to succeed with a result that matches the snapshot
Received:
  Failure with "oopsy""
`;

exports[`.toSucceedAndMatchSnapshot logs details correctly for a failed result: toFailTestAndMatchSnapshot 2`] = `
"[2mexpect([22m[31mreceived[39m[2m).[22mnot[2m.[22mtoMatchInlineSnapshot[2m([22m[32mproperties[39m[2m, [22msnapshot[2m)[22m

[1mMatcher error[22m: Snapshot matchers cannot be used with [1mnot[22m"
`;
